// Jest Snapshot v1, https://goo.gl/fbAQLP

exports[`Icon should match snapshot diff between regular and custom icon 1`] = `
"Snapshot Diff:
- First value
+ Second value

@@ -1,3 +1,5 @@
  <Text
+   color=\\"red\\"
+   size={40}
    style={
      Array [
@@ -8,6 +10,6 @@
        },
        Object {
-         \\"color\\": \\"#46515e\\",
-         \\"fontSize\\": 20,
+         \\"color\\": \\"red\\",
+         \\"fontSize\\": 40,
        },
      ]"
`;
