// Jest Snapshot v1, https://goo.gl/fbAQLP

exports[`Icon should match snapshot diff between regular and custom icon 1`] = `
"Snapshot Diff:
- First value
+ Second value

@@ -6,8 +6,8 @@
        },
        Object {
-         \\"fontSize\\": 24,
+         \\"fontSize\\": 32,
        },
        Object {
-         \\"color\\": \\"#46515e\\",
+         \\"color\\": \\"red\\",
        },
        undefined,"
`;
