// Jest Snapshot v1, https://goo.gl/fbAQLP

exports[`TextInput should match snapshot diff between small and normal input 1`] = `
"Snapshot Diff:
- <TextInput label=\\"Label\\" />
+ <TextInput label=\\"Label\\" size=\\"small\\" />

@@ -47,3 +47,3 @@
          Object {
-           \\"height\\": 44,
+           \\"height\\": 32,
          },
@@ -80,3 +80,3 @@
            Object {
-             \\"height\\": 44,
+             \\"height\\": 32,
            },"
`;
